// Jest Snapshot v1, https://goo.gl/fbAQLP

exports[`ListaPokemon snapshot 1`] = `
<div>
  <div
    class="listContainer pokemonPageWrapper"
  >
    <div
      class="wrapper pokemon"
      data-testid="dropdown"
      id="dropdown"
    >
      <div
        class="dropdown_title"
      >
        pokemon list
      </div>
      <button
        class="dropdown"
        data-testid="dropdownButton"
      >
        <div
          class="selected"
        >
          All
        </div>
        <div
          class="chevron"
        />
      </button>
      <div
        class="dropdown-list"
      >
        <ul>
          <li
            class="selected"
            data-testid="dropdownButtonOption"
          >
            All
          </li>
          <li
            data-testid="dropdownButtonOption"
          >
            Normal
          </li>
          <li
            data-testid="dropdownButtonOption"
          >
            Poison
          </li>
          <li
            data-testid="dropdownButtonOption"
          >
            Electric
          </li>
          <li
            data-testid="dropdownButtonOption"
          >
            Fire
          </li>
          <li
            data-testid="dropdownButtonOption"
          >
            Water
          </li>
          <li
            data-testid="dropdownButtonOption"
          >
            Rock
          </li>
          <li
            data-testid="dropdownButtonOption"
          >
            Grass
          </li>
          <li
            data-testid="dropdownButtonOption"
          >
            Fighting
          </li>
          <li
            data-testid="dropdownButtonOption"
          >
            Psychic
          </li>
          <li
            data-testid="dropdownButtonOption"
          >
            Ground
          </li>
          <li
            data-testid="dropdownButtonOption"
          >
            Fairy
          </li>
        </ul>
      </div>
    </div>
    <div
      class="flexContainer"
    >
      <div
        class="card u-full-width electric"
        data-testid="card"
      >
        <div
          class="imageWrapper"
        >
          <img
            class="pokemon-image"
            src=""
          />
        </div>
        <div
          class="textWrapper"
        >
          <div
            class="pokemon-type"
          >
            electric
          </div>
          <div
            class="pokemon-name"
          >
            pikachu
          </div>
          <div
            class="info"
          >
            <div
              class="pokemon-column"
            >
              HP:
            </div>
             
            <div
              class="pokemon-value"
            >
              35
            </div>
          </div>
          <div
            class="info"
          >
            <div
              class="pokemon-column"
            >
              Attack:
            </div>
             
            <div
              class="pokemon-value"
            >
              55
            </div>
          </div>
          <div
            class="info"
          >
            <div
              class="pokemon-column"
            >
              Defense:
            </div>
             
            <div
              class="pokemon-value"
            >
              40
            </div>
          </div>
          <div
            class="info"
          >
            <div
              class="pokemon-column"
            >
              Special Attack:
            </div>
             
            <div
              class="pokemon-value"
            >
              50
            </div>
          </div>
          <div
            class="info"
          >
            <div
              class="pokemon-column"
            >
              Special Defense:
            </div>
             
            <div
              class="pokemon-value"
            >
              50
            </div>
          </div>
          <div
            class="info"
          >
            <div
              class="pokemon-column"
            >
              Speed:
            </div>
             
            <div
              class="pokemon-value"
            >
              90 m/s
            </div>
          </div>
          <div
            class="info"
          >
            <div
              class="pokemon-column"
            >
              Height:
            </div>
             
            <div
              class="pokemon-value"
            >
              undefined feets
            </div>
          </div>
          <div
            class="info"
          >
            <div
              class="pokemon-column"
            >
              Weight:
            </div>
             
            <div
              class="pokemon-value"
            >
              undefined pounds
            </div>
          </div>
          <div
            class="info"
          >
            <div
              class="column"
            >
              <div
                class="pokemon-column"
              >
                Ability:
              </div>
              <div
                class="pokemon-value"
              />
            </div>
            <div
              class="column"
            >
              <div
                class="pokemon-column"
              >
                Hidden Ability:
              </div>
              <div
                class="pokemon-value"
              >
                --
              </div>
            </div>
          </div>
        </div>
      </div>
      <div
        class="card u-full-width fire"
        data-testid="card"
      >
        <div
          class="imageWrapper"
        >
          <img
            class="pokemon-image"
            src=""
          />
        </div>
        <div
          class="textWrapper"
        >
          <div
            class="pokemon-type"
          >
            fire
          </div>
          <div
            class="pokemon-name"
          >
            charizard
          </div>
          <div
            class="info"
          >
            <div
              class="pokemon-column"
            >
              HP:
            </div>
             
            <div
              class="pokemon-value"
            >
              35
            </div>
          </div>
          <div
            class="info"
          >
            <div
              class="pokemon-column"
            >
              Attack:
            </div>
             
            <div
              class="pokemon-value"
            >
              55
            </div>
          </div>
          <div
            class="info"
          >
            <div
              class="pokemon-column"
            >
              Defense:
            </div>
             
            <div
              class="pokemon-value"
            >
              40
            </div>
          </div>
          <div
            class="info"
          >
            <div
              class="pokemon-column"
            >
              Special Attack:
            </div>
             
            <div
              class="pokemon-value"
            >
              50
            </div>
          </div>
          <div
            class="info"
          >
            <div
              class="pokemon-column"
            >
              Special Defense:
            </div>
             
            <div
              class="pokemon-value"
            >
              50
            </div>
          </div>
          <div
            class="info"
          >
            <div
              class="pokemon-column"
            >
              Speed:
            </div>
             
            <div
              class="pokemon-value"
            >
              90 m/s
            </div>
          </div>
          <div
            class="info"
          >
            <div
              class="pokemon-column"
            >
              Height:
            </div>
             
            <div
              class="pokemon-value"
            >
              undefined feets
            </div>
          </div>
          <div
            class="info"
          >
            <div
              class="pokemon-column"
            >
              Weight:
            </div>
             
            <div
              class="pokemon-value"
            >
              undefined pounds
            </div>
          </div>
          <div
            class="info"
          >
            <div
              class="column"
            >
              <div
                class="pokemon-column"
              >
                Ability:
              </div>
              <div
                class="pokemon-value"
              />
            </div>
            <div
              class="column"
            >
              <div
                class="pokemon-column"
              >
                Hidden Ability:
              </div>
              <div
                class="pokemon-value"
              >
                --
              </div>
            </div>
          </div>
        </div>
      </div>
    </div>
  </div>
</div>
`;
