// Jest Snapshot v1, https://goo.gl/fbAQLP

exports[`ListaPokemonFinal snapshot 1`] = `
<div>
  <div
    class="listContainer pokemonPageWrapper"
  >
    <div
      class="wrapper pokemon"
      data-testid="dropdown"
      id="dropdown"
    >
      <div
        class="dropdown_title"
      >
        pokemon list
      </div>
      <button
        class="dropdown"
        data-testid="dropdownButton"
      >
        <div
          class="selected"
        >
          All
        </div>
        <div
          class="chevron"
        />
      </button>
      <div
        class="dropdown-list"
      >
        <ul>
          <li
            class="selected"
            data-testid="dropdownButtonOption"
          >
            All
          </li>
          <li
            data-testid="dropdownButtonOption"
          >
            Normal
          </li>
          <li
            data-testid="dropdownButtonOption"
          >
            Poison
          </li>
          <li
            data-testid="dropdownButtonOption"
          >
            Electric
          </li>
          <li
            data-testid="dropdownButtonOption"
          >
            Fire
          </li>
          <li
            data-testid="dropdownButtonOption"
          >
            Water
          </li>
          <li
            data-testid="dropdownButtonOption"
          >
            Rock
          </li>
          <li
            data-testid="dropdownButtonOption"
          >
            Grass
          </li>
          <li
            data-testid="dropdownButtonOption"
          >
            Fighting
          </li>
          <li
            data-testid="dropdownButtonOption"
          >
            Psychic
          </li>
          <li
            data-testid="dropdownButtonOption"
          >
            Ground
          </li>
          <li
            data-testid="dropdownButtonOption"
          >
            Fairy
          </li>
        </ul>
      </div>
    </div>
    <div
      class="flexContainer"
    />
    <div>
      <button
        to="/listapokemonfinal?page=1&type=electric"
      >
        Previous
      </button>
    </div>
    <div>
      2 of 1
    </div>
    <div>
      <button
        disabled=""
        to="/listapokemonfinal?page=3&type=electric"
      >
        Next
      </button>
    </div>
  </div>
</div>
`;
